
> temp-xp-init@0.1.0 build
> next build

Γû▓ Next.js 16.2.1 (Turbopack)
- Environments: .env.local

node.exe : ΓÜá The 
"middleware" file 
convention is deprecated. 
Please use "proxy" 
instead. Learn more: https
://nextjs.org/docs/message
s/middleware-to-proxy
At C:\Program 
Files\nodejs\npm.ps1:29 
char:3
+   & $NODE_EXE 
$NPM_CLI_JS $args
+   ~~~~~~~~~~~~~~~~~~~~~~
~~~~~~~
    + CategoryInfo        
      : NotSpecified: (Γ  
  Üá The "middle...lewa   
 re-to-proxy:String) [    
], RemoteException
    + FullyQualifiedError 
   Id : NativeCommandErr  
  or
 
  Creating an optimized production build ...

> Build error occurred
Error: Turbopack build 
failed with 3 errors:
./src/components/apps/MyCo
mputer/MyComputer.tsx:7:1
Module not found: Can't 
resolve '@/../content/dash
board-stub.json'
  [90m 5 |[0m 
[36mimport[0m 
[33mMenuBar[0m 
[36mfrom[0m [32m'@/comp
onents/apps/shared/MenuBar
'[0m;
  [90m 6 |[0m 
[36mimport[0m 
[36mtype[0m { 
[33mMenuGroup[0m } 
[36mfrom[0m [32m'@/comp
onents/apps/shared/MenuBar
'[0m;
[31m[1m>[0m [90m 7 
|[0m [36mimport[0m 
dashboardData 
[36mfrom[0m [32m'@/../c
ontent/dashboard-stub.json
'[0m;
  [90m   |[0m [31m[1m^
^^^^^^^^^^^^^^^^^^^^^^^^^^
^^^^^^^^^^^^^^^^^^^^^^^^^^
^^^^^^^^[0m
  [90m 8 |[0m 
[36mimport[0m styles 
[36mfrom[0m [32m'./MyCo
mputer.module.css'[0m;
  [90m 9 |[0m
  [90m10 |[0m 
[36mtype[0m 
[33mView[0m = 
[32m'drives'[0m | 
[32m'dashboard'[0m | 
[32m'history'[0m;

Import map: aliased to 
relative './src/../content
/dashboard-stub.json' 
inside of [project]/


Import traces:
  Client Component 
Browser:
    ./src/components/apps/
MyComputer/MyComputer.tsx 
[Client Component Browser]
    ./src/lib/apps/registe
rAll.ts [Client Component 
Browser]
    ./src/app/(site)/deskt
op/page.tsx [Client 
Component Browser]
    ./src/app/(site)/deskt
op/page.tsx [Server 
Component]

  Client Component SSR:
    ./src/components/apps/
MyComputer/MyComputer.tsx 
[Client Component SSR]
    ./src/lib/apps/registe
rAll.ts [Client Component 
SSR]
    ./src/app/(site)/deskt
op/page.tsx [Client 
Component SSR]
    ./src/app/(site)/deskt
op/page.tsx [Server 
Component]

https://nextjs.org/docs/me
ssages/module-not-found


./src/app/(site)/pricing/p
age.tsx:5:1
Module not found: Can't 
resolve '@/components/sect
ions/ComparisonTable'
  [90m3 |[0m 
[36mimport[0m [33mFeatu
resBreakdown[0m 
[36mfrom[0m [32m'@/comp
onents/sections/FeaturesBr
eakdown'[0m
  [90m4 |[0m 
[36mimport[0m 
[33mPricingGrid[0m 
[36mfrom[0m [32m'@/comp
onents/sections/PricingGri
d'[0m
[31m[1m>[0m [90m5 
|[0m [36mimport[0m 
[33mComparisonTable[0m 
[36mfrom[0m [32m'@/comp
onents/sections/Comparison
Table'[0m
  [90m  |[0m [31m[1m^^
^^^^^^^^^^^^^^^^^^^^^^^^^^
^^^^^^^^^^^^^^^^^^^^^^^^^^
^^^^^^^^^^^^^[0m
  [90m6 |[0m 
[36mimport[0m 
[33mPricingFAQ[0m 
[36mfrom[0m [32m'@/comp
onents/sections/PricingFAQ
'[0m
  [90m7 |[0m 
[36mimport[0m 
pricingData [36mfrom[0m 
[32m'../../../../content/
pricing.json'[0m
  [90m8 |[0m

Import map: aliased to 
relative './src/components
/sections/ComparisonTable'
 inside of [project]/


https://nextjs.org/docs/me
ssages/module-not-found


./src/app/(site)/pricing/p
age.tsx:3:1
Module not found: Can't 
resolve '@/components/sect
ions/FeaturesBreakdown'
  [90m1 |[0m 
[36mimport[0m 
[33mReact[0m 
[36mfrom[0m 
[32m'react'[0m
  [90m2 |[0m 
[36mimport[0m 
[33mPricingHero[0m 
[36mfrom[0m [32m'@/comp
onents/sections/PricingHer
o'[0m
[31m[1m>[0m [90m3 
|[0m [36mimport[0m [33
mFeaturesBreakdown[0m 
[36mfrom[0m [32m'@/comp
onents/sections/FeaturesBr
eakdown'[0m
  [90m  |[0m [31m[1m^^
^^^^^^^^^^^^^^^^^^^^^^^^^^
^^^^^^^^^^^^^^^^^^^^^^^^^^
^^^^^^^^^^^^^^^^^[0m
  [90m4 |[0m 
[36mimport[0m 
[33mPricingGrid[0m 
[36mfrom[0m [32m'@/comp
onents/sections/PricingGri
d'[0m
  [90m5 |[0m 
[36mimport[0m 
[33mComparisonTable[0m 
[36mfrom[0m [32m'@/comp
onents/sections/Comparison
Table'[0m
  [90m6 |[0m 
[36mimport[0m 
[33mPricingFAQ[0m 
[36mfrom[0m [32m'@/comp
onents/sections/PricingFAQ
'[0m

Import map: aliased to 
relative './src/components
/sections/FeaturesBreakdow
n' inside of [project]/


https://nextjs.org/docs/me
ssages/module-not-found


    at <unknown> (./src/co
mponents/apps/MyComputer/M
yComputer.tsx:7:1)
    at <unknown> (https://
nextjs.org/docs/messages/m
odule-not-found)
    at <unknown> (./src/ap
p/(site)/pricing/page.tsx:
5:1)
    at <unknown> (https://
nextjs.org/docs/messages/m
odule-not-found)
    at <unknown> (./src/ap
p/(site)/pricing/page.tsx:
3:1)
    at <unknown> (https://
nextjs.org/docs/messages/m
odule-not-found)
